[pikakid98.github.io/index.html]
[pikakid98.github.io/assets/css/style4a04.css]
[backblue.gif]
[fade.gif]
[index.html]
[pikakid98.github.io/favicon.ico]
[pikakid98.github.io/games.html]
[pikakid98.github.io/discord.html]
[pikakid98.github.io/yt/index.html]
[pikakid98.github.io/support-me/index.html]
[pikakid98.github.io/twitter.html]
[pikakid98.github.io/index.html]
[pikakid98.github.io/weebly-archive/index.html]
[pikakid98.github.io/assets/images/bkg.png]
[pikakid98.github.io/assets/images/bullet.png]
[pikakid98.github.io/assets/images/blacktocat.png]
[pikakid98.github.io/assets/css/style4a04.css]
[pikakid98.github.io/yt/assets/css/style5a4b.css]
[pikakid98.github.io/yt/favicon.ico]
[pikakid98.github.io/yt/assets/img/@pikakid98-alt.png]
[pikakid98.github.io/yt/assets/img/@pikakid98.png]
[pikakid98.github.io/yt/assets/img/@pikakid98-archive.png]
[pikakid98.github.io/yt/assets/img/@pikakid98games.png]
[pikakid98.github.io/yt/assets/img/@pikakid98-shorts.png]
[pikakid98.github.io/yt/assets/img/bfts.png]
[pikakid98.github.io/yt/assets/img/bts.png]
[pikakid98.github.io/yt/assets/img/no.png]
[pikakid98.github.io/yt/assets/img/@pikakid98-streams.png]
[pikakid98.github.io/yt/assets/img/@pikakid98-music.png]
[pikakid98.github.io/yt/index.html]
[pikakid98.github.io/games-2.html]
[pikakid98.github.io/'https_/pikakid98games.wordpress.com/']
[pikakid98.github.io/games.html]
[pikakid98.github.io/discord-2.html]
[pikakid98.github.io/'https_/discord.gg/VkGbzXU']
[pikakid98.github.io/discord.html]
[pikakid98.github.io/support-me/assets/css/styledfde.css]
[pikakid98.github.io/support-me/favicon.ico]
[pikakid98.github.io/support-me/assets/images/direct.png]
[pikakid98.github.io/support-me/hire-me.html]
[pikakid98.github.io/support-me/assets/images/va_temp.png]
[pikakid98.github.io/support-me/assets/images/gj.png]
[pikakid98.github.io/support-me/index.html]
[pikakid98.github.io/twitter-2.html]
[pikakid98.github.io/'https_/twitter.com/Pikakid98FromYT']
[pikakid98.github.io/twitter.html]
[pikakid98.github.io/weebly-archive/backblue.gif]
[pikakid98.github.io/weebly-archive/fade.gif]
[pikakid98.github.io/weebly-archive/pikakid98studioslegal.weebly.com/index.html]
[pikakid98.github.io/weebly-archive/tsoasnc-walkthrough.weebly.com/index.html]
[pikakid98.github.io/weebly-archive/am2r-lives.weebly.com/index.html]
[pikakid98.github.io/weebly-archive/thepikakid98graveyard.weebly.com/index.html]
[pikakid98.github.io/weebly-archive/index.html]
[pikakid98.github.io/yt/assets/images/bkg.png]
[pikakid98.github.io/yt/assets/images/bullet.png]
[pikakid98.github.io/yt/assets/images/blacktocat.png]
[pikakid98.github.io/yt/assets/css/style5a4b.css]
[pikakid98.github.io/games-2.html]
[pikakid98.github.io/'https_/pikakid98games.wordpress.com/'.html]
[pikakid98.github.io/discord-2.html]
[pikakid98.github.io/'https_/discord.gg/VkGbzXU'.html]
[pikakid98.github.io/support-me/assets/images/bkg.png]
[pikakid98.github.io/support-me/assets/images/bullet.png]
[pikakid98.github.io/support-me/assets/images/blacktocat.png]
[pikakid98.github.io/support-me/assets/css/styledfde.css]
[pikakid98.github.io/support-me/hire-me-2.html]
[pikakid98.github.io/support-me/hire-me/2poundexample.html]
[pikakid98.github.io/support-me/hire-me/5poundexample.html]
[pikakid98.github.io/support-me/hire-me/clients.html]
[pikakid98.github.io/support-me/assets/images/ex1.png]
[pikakid98.github.io/support-me/assets/images/ex2.png]
[pikakid98.github.io/support-me/hire-me/feecalculator.html]
[pikakid98.github.io/support-me/hire-me.html]
[pikakid98.github.io/twitter-2.html]
[pikakid98.github.io/'https_/twitter.com/Pikakid98FromYT'.html]
[pikakid98.github.io/weebly-archive/cdn2.editmysite.com/images/site/footer/og-image-placeholder-blank.png]
[pikakid98.github.io/weebly-archive/pikakid98studioslegal.weebly.com/files/theme/8.png]
[pikakid98.github.io/weebly-archive/cdn2.editmysite.com/css/sites9b0c9b0c.css]
[pikakid98.github.io/weebly-archive/cdn2.editmysite.com/css/old/fancybox0d4c0d4c.css]
[pikakid98.github.io/weebly-archive/cdn2.editmysite.com/css/social-icons07f007f0.css]
[pikakid98.github.io/weebly-archive/pikakid98studioslegal.weebly.com/files/main_styleedddeddd.css]
[pikakid98.github.io/weebly-archive/pikakid98studioslegal.weebly.com/files/templateArtifactsedddeddd.js]
[pikakid98.github.io/weebly-archive/ajax.googleapis.com/ajax/libs/jquery/1.8.3/jquery.min.js]
[pikakid98.github.io/weebly-archive/cdn2.editmysite.com/js/lang/en/stl49dc49dc.js]
[pikakid98.github.io/weebly-archive/cdn2.editmysite.com/js/site/main9b0c9b0c.js]
[pikakid98.github.io/weebly-archive/www.google.com/recaptcha/api.js]
[pikakid98.github.io/weebly-archive/pikakid98studioslegal.weebly.com/agreement/accept.html]
[pikakid98.github.io/weebly-archive/pikakid98studioslegal.weebly.com/agreement/decline.html]
[pikakid98.github.io/weebly-archive/pikakid98studioslegal.weebly.com/changes.html]
[pikakid98.github.io/weebly-archive/cdn2.editmysite.com/images/site/footer/footer-toast-published-image-1.png]
[pikakid98.github.io/weebly-archive/cdn2.editmysite.com/js/site/footerSignup9c7b9c7b.js]
[pikakid98.github.io/weebly-archive/pikakid98studioslegal.weebly.com/files/theme/plugins51145114.js]
[pikakid98.github.io/weebly-archive/pikakid98studioslegal.weebly.com/files/theme/custom51145114.js]
[pikakid98.github.io/weebly-archive/cdn2.editmysite.com/js/site/main-customer-accounts-site9b0c9b0c.js]
[pikakid98.github.io/weebly-archive/pikakid98studioslegal.weebly.com/index.html]
[pikakid98.github.io/weebly-archive/cdn2.editmysite.com/js/wsnbn/snowday262.js]
[pikakid98.github.io/weebly-archive/tsoasnc-walkthrough.weebly.com/uploads/4/8/0/1/48016755/editor/863776377.png]
[pikakid98.github.io/weebly-archive/tsoasnc-walkthrough.weebly.com/uploads/4/8/0/1/48016755/published/tsoasnc-icon-2_473857385.png]
[pikakid98.github.io/weebly-archive/tsoasnc-walkthrough.weebly.com/files/theme/TSOASNCv2.ico]
[pikakid98.github.io/weebly-archive/cdn2.editmysite.com/css/sitesc252c252.css]
[pikakid98.github.io/weebly-archive/cdn2.editmysite.com/css/old/fancybox514c514c.css]
[pikakid98.github.io/weebly-archive/cdn2.editmysite.com/css/social-icons461c461c.css]
[pikakid98.github.io/weebly-archive/tsoasnc-walkthrough.weebly.com/files/main_style80498049.css]
[pikakid98.github.io/weebly-archive/tsoasnc-walkthrough.weebly.com/uploads/4/8/0/1/48016755/background-images/994551072.png]
[pikakid98.github.io/weebly-archive/cdn2.editmysite.com/js/lang/en/stl00c800c8.js]
[pikakid98.github.io/weebly-archive/tsoasnc-walkthrough.weebly.com/candice-story.html]
[pikakid98.github.io/weebly-archive/cdn2.editmysite.com/js/site/mainc252c252.js]
[pikakid98.github.io/weebly-archive/tsoasnc-walkthrough.weebly.com/uploads/4/8/0/1/48016755/background-images/561097910.jpg]
[pikakid98.github.io/weebly-archive/tsoasnc-walkthrough.weebly.com/files/theme/plugins3a2b3a2b.js]
[pikakid98.github.io/weebly-archive/tsoasnc-walkthrough.weebly.com/files/theme/custom3a2b3a2b.js]
[pikakid98.github.io/weebly-archive/tsoasnc-walkthrough.weebly.com/index.html]
[pikakid98.github.io/weebly-archive/cdn2.editmysite.com/js/site/main-customer-accounts-sitec252c252.js]
[pikakid98.github.io/weebly-archive/am2r-lives.weebly.com/uploads/4/8/0/1/48016755/editor/am2r-return-of-samus-logod2b9d2b9.png]
[pikakid98.github.io/weebly-archive/am2r-lives.weebly.com/uploads/4/8/0/1/48016755/i-0.png]
[pikakid98.github.io/weebly-archive/am2r-lives.weebly.com/files/theme/i-0.png]
[pikakid98.github.io/weebly-archive/cdn2.editmysite.com/css/sites5b805b80.css]
[pikakid98.github.io/weebly-archive/cdn2.editmysite.com/css/old/fancyboxcb6fcb6f.css]
[pikakid98.github.io/weebly-archive/cdn2.editmysite.com/css/social-icons93139313.css]
[pikakid98.github.io/weebly-archive/am2r-lives.weebly.com/files/main_style89fc89fc.css]
[pikakid98.github.io/weebly-archive/am2r-lives.weebly.com/files/templateArtifacts89fc89fc.js]
[pikakid98.github.io/weebly-archive/cdn2.editmysite.com/js/lang/en/stl8eb78eb7.js]
[pikakid98.github.io/weebly-archive/am2r-lives.weebly.com/download.html]
[pikakid98.github.io/weebly-archive/am2r-lives.weebly.com/legal.html]
[pikakid98.github.io/weebly-archive/cdn2.editmysite.com/js/site/main5b805b80.js]
[pikakid98.github.io/weebly-archive/am2r-lives.weebly.com/external-links.html]
[pikakid98.github.io/weebly-archive/am2r-lives.weebly.com/uploads/4/8/0/1/48016755/background-images/471257708.jpg]
[pikakid98.github.io/weebly-archive/am2r-lives.weebly.com/files/theme/plugins75ac75ac.js]
[pikakid98.github.io/weebly-archive/am2r-lives.weebly.com/files/theme/jquery.pxuMenu75ac75ac.js]
[pikakid98.github.io/weebly-archive/am2r-lives.weebly.com/files/theme/jquery.trend75ac75ac.js]
[pikakid98.github.io/weebly-archive/am2r-lives.weebly.com/files/theme/jquery.revealer75ac75ac.js]
[pikakid98.github.io/weebly-archive/am2r-lives.weebly.com/files/theme/debounce75ac75ac.js]
[pikakid98.github.io/weebly-archive/am2r-lives.weebly.com/files/theme/custom75ac75ac.js]
[pikakid98.github.io/weebly-archive/am2r-lives.weebly.com/index.html]
[pikakid98.github.io/weebly-archive/cdn2.editmysite.com/js/site/main-customer-accounts-site5b805b80.js]
[pikakid98.github.io/weebly-archive/thepikakid98graveyard.weebly.com/files/theme/pika-gy-logo.png]
[pikakid98.github.io/weebly-archive/cdn2.editmysite.com/css/sitesd511d511.css]
[pikakid98.github.io/weebly-archive/cdn2.editmysite.com/css/old/fancybox21762176.css]
[pikakid98.github.io/weebly-archive/cdn2.editmysite.com/css/social-iconsb6f3b6f3.css]
[pikakid98.github.io/weebly-archive/thepikakid98graveyard.weebly.com/files/main_style65f165f1.css]
[pikakid98.github.io/weebly-archive/thepikakid98graveyard.weebly.com/uploads/4/8/0/1/48016755/background-images/268269190.jpg]
[pikakid98.github.io/weebly-archive/thepikakid98graveyard.weebly.com/files/templateArtifacts65f165f1.js]
[pikakid98.github.io/weebly-archive/cdn2.editmysite.com/js/lang/en/stl6de26de2.js]
[pikakid98.github.io/weebly-archive/cdn2.editmysite.com/js/site/maind511d511.js]
[pikakid98.github.io/weebly-archive/cdn2.editmysite.com/js/site/theme-pluginsd511d511.js]
[pikakid98.github.io/weebly-archive/thepikakid98graveyard.weebly.com/idea-graveyard.html]
[pikakid98.github.io/weebly-archive/thepikakid98graveyard.weebly.com/url-graveyard.html]
[pikakid98.github.io/weebly-archive/thepikakid98graveyard.weebly.com/account-graveyard.html]
[pikakid98.github.io/weebly-archive/thepikakid98graveyard.weebly.com/files/theme/plugins9eaa9eaa.js]
[pikakid98.github.io/weebly-archive/thepikakid98graveyard.weebly.com/files/theme/custom9eaa9eaa.js]
[pikakid98.github.io/weebly-archive/thepikakid98graveyard.weebly.com/index.html]
[pikakid98.github.io/support-me/hire-me-2.html]
[pikakid98.github.io/weebly-archive/cdn2.editmysite.com/js/site/main-customer-accounts-sited511d511.js]
[pikakid98.github.io/support-me/hire-me/2poundexample-2.html]
[pikakid98.github.io/support-me/hire-me/2poundexample.html]
[pikakid98.github.io/support-me/hire-me/5poundexample-2.html]
[pikakid98.github.io/support-me/hire-me/5poundexample.html]
[pikakid98.github.io/support-me/hire-me/clients-2.html]
[pikakid98.github.io/support-me/hire-me/clients.html]
[pikakid98.github.io/support-me/hire-me/feecalculator-2.html]
[pikakid98.github.io/support-me/hire-me/feecalculator.html]
[pikakid98.github.io/weebly-archive/cdn2.editmysite.com/images/util/videojs/white-bar.png]
[pikakid98.github.io/weebly-archive/cdn2.editmysite.com/images/util/videojs/@2x/white-bar.png]
[pikakid98.github.io/weebly-archive/cdn2.editmysite.com/images/util/videojs/gradient.png]
[pikakid98.github.io/weebly-archive/cdn2.editmysite.com/images/util/videojs/@2x/gradient.png]
[pikakid98.github.io/weebly-archive/cdn2.editmysite.com/sprites/util/videojs-sacae758aa2.png]
[pikakid98.github.io/weebly-archive/cdn2.editmysite.com/sprites/util/videojs/@2x-s2aff7e7d9a.png]
[pikakid98.github.io/weebly-archive/cdn2.editmysite.com/images/util/videojs/volume-filled.png]
[pikakid98.github.io/weebly-archive/cdn2.editmysite.com/images/util/videojs/@2x/volume-filled.png]
[pikakid98.github.io/weebly-archive/cdn2.editmysite.com/images/util/videojs/volume-mute.png]
[pikakid98.github.io/weebly-archive/cdn2.editmysite.com/images/util/videojs/@2x/volume-mute.png]
[pikakid98.github.io/weebly-archive/cdn2.editmysite.com/images/util/videojs/blue-bar.png]
[pikakid98.github.io/weebly-archive/cdn2.editmysite.com/images/util/videojs/@2x/blue-bar.png]
[pikakid98.github.io/weebly-archive/cdn2.editmysite.com/images/util/videojs/maximize-icon.png]
[pikakid98.github.io/weebly-archive/cdn2.editmysite.com/images/util/videojs/@2x/maximize-icon.png]
[pikakid98.github.io/weebly-archive/cdn2.editmysite.com/images/util/videojs/minimize-icon.png]
[pikakid98.github.io/weebly-archive/cdn2.editmysite.com/images/util/videojs/@2x/minimize-icon.png]
[pikakid98.github.io/weebly-archive/cdn2.editmysite.com/images/util/videojs/play-icon.png]
[pikakid98.github.io/weebly-archive/cdn2.editmysite.com/images/util/videojs/@2x/play-icon.png]
[pikakid98.github.io/weebly-archive/cdn2.editmysite.com/images/util/videojs/sad-face.png]
[pikakid98.github.io/weebly-archive/cdn2.editmysite.com/images/util/videojs/@2x/sad-face.png]
[pikakid98.github.io/weebly-archive/cdn2.editmysite.com/images/util/videojs/loading-icon.png]
[pikakid98.github.io/weebly-archive/cdn2.editmysite.com/images/util/videojs/@2x/loading-icon.png]
[pikakid98.github.io/weebly-archive/cdn2.editmysite.com/images/common/buttons/small_grey.png]
[pikakid98.github.io/weebly-archive/cdn2.editmysite.com/images/common/buttons/small_blue.png]
[pikakid98.github.io/weebly-archive/cdn2.editmysite.com/images/old/button/large_grey.png]
[pikakid98.github.io/weebly-archive/cdn2.editmysite.com/images/common/buttons/large_blue.png]
[pikakid98.github.io/weebly-archive/cdn2.editmysite.com/images/common/search-light.png]
[pikakid98.github.io/weebly-archive/cdn2.editmysite.com/images/common/social_icons.png]
[pikakid98.github.io/weebly-archive/cdn2.editmysite.com/images/common/blog/blog-comment-button.png]
[pikakid98.github.io/weebly-archive/cdn2.editmysite.com/images/common/blog/blog-comment-header.png]
[pikakid98.github.io/weebly-archive/cdn2.editmysite.com/images/common/blog/blog-comment-pointer.png]
[pikakid98.github.io/weebly-archive/cdn2.editmysite.com/images/common/blog/blog-comment-link.png]
[pikakid98.github.io/weebly-archive/cdn2.editmysite.com/images/common/blog/blog-comment-header-author.png]
[pikakid98.github.io/weebly-archive/cdn2.editmysite.com/images/common/blog/blog-comment-pointer-author.png]
[pikakid98.github.io/weebly-archive/cdn2.editmysite.com/images/common/blog/blog-comment-field-bg.png]
[pikakid98.github.io/weebly-archive/cdn2.editmysite.com/images/common/blog/dark-blog-comment-header.png]
[pikakid98.github.io/weebly-archive/cdn2.editmysite.com/images/common/blog/dark-blog-comment-pointer.png]
[pikakid98.github.io/weebly-archive/cdn2.editmysite.com/images/common/blog/dark-blog-comment-header-author.png]
[pikakid98.github.io/weebly-archive/cdn2.editmysite.com/images/common/blog/dark-blog-comment-pointer-author.png]
[pikakid98.github.io/weebly-archive/cdn2.editmysite.com/images/common/blog/dark-blog-comment-link.png]
[pikakid98.github.io/weebly-archive/cdn2.editmysite.com/images/util/general/blank.gif]
[pikakid98.github.io/weebly-archive/cdn2.editmysite.com/images/common/lightbox/prevlabel.gif]
[pikakid98.github.io/weebly-archive/cdn2.editmysite.com/images/common/lightbox/nextlabel.gif]
[pikakid98.github.io/weebly-archive/cdn2.editmysite.com/sprites/util/inputs/checkmarkBox-s7868418152.png]
[pikakid98.github.io/weebly-archive/cdn2.editmysite.com/sprites/util/inputs/checkmarkBox/@2x-s211a47d318.png]
[pikakid98.github.io/weebly-archive/cdn2.editmysite.com/images/util/inputs/search-input-bg.jpg]
[pikakid98.github.io/weebly-archive/cdn2.editmysite.com/images/common/magnifying-glass.png]
[pikakid98.github.io/weebly-archive/cdn2.editmysite.com/images/common/checkmarks/checkmark-mini.png]
[pikakid98.github.io/weebly-archive/cdn2.editmysite.com/images/common/checkmarks/@2x/checkmark-mini.png]
[pikakid98.github.io/weebly-archive/cdn2.editmysite.com/images/common/search-pagination-bg.png]
[pikakid98.github.io/weebly-archive/cdn2.editmysite.com/images/util/general/top-triangle-000.png]
[pikakid98.github.io/weebly-archive/cdn2.editmysite.com/images/util/general/bottom-triangle-000.png]
[pikakid98.github.io/weebly-archive/cdn2.editmysite.com/images/util/general/top-triangle-000@2x.png]
[pikakid98.github.io/weebly-archive/cdn2.editmysite.com/images/util/general/bottom-triangle-000@2x.png]
[pikakid98.github.io/weebly-archive/cdn2.editmysite.com/sprites/common/social-icons-s5ea5500bdb.png]
[pikakid98.github.io/weebly-archive/cdn2.editmysite.com/sprites/common/social-icons/@2x-s0ae7d70c70.png]
[pikakid98.github.io/weebly-archive/cdn2.editmysite.com/sprites/site/mini-cart-s86c48effae.png]
[pikakid98.github.io/weebly-archive/cdn2.editmysite.com/sprites/site/mini-cart/@2x-s576cbc3f90.png]
[pikakid98.github.io/weebly-archive/cdn2.editmysite.com/images/loading.gif]
[pikakid98.github.io/weebly-archive/cdn2.editmysite.com/sprites/site/mobile/commerce-sdf6d4e852c.png]
[pikakid98.github.io/weebly-archive/cdn2.editmysite.com/sprites/site/mobile/commerce/@2x-s82f968c453.png]
[pikakid98.github.io/weebly-archive/cdn2.editmysite.com/images/site/checkout/paypal.png]
[pikakid98.github.io/weebly-archive/cdn2.editmysite.com/images/site/checkout/@2x/paypal.png]
[pikakid98.github.io/weebly-archive/cdn2.editmysite.com/images/site/checkout/credit-cards.png]
[pikakid98.github.io/weebly-archive/cdn2.editmysite.com/images/site/checkout/@2x/credit-cards.png]
[pikakid98.github.io/weebly-archive/cdn2.editmysite.com/images/site/checkout/print.png]
[pikakid98.github.io/weebly-archive/cdn2.editmysite.com/images/site/checkout/print@2x.png]
[pikakid98.github.io/weebly-archive/cdn2.editmysite.com/images/vendor/select2/select2.png]
[pikakid98.github.io/weebly-archive/cdn2.editmysite.com/images/vendor/select2/select2-spinner.gif]
[pikakid98.github.io/weebly-archive/cdn2.editmysite.com/images/vendor/select2/select2x2.png]
[pikakid98.github.io/weebly-archive/cdn2.editmysite.com/images/util/spinner/spinner-dark.png]
[pikakid98.github.io/weebly-archive/cdn2.editmysite.com/images/util/spinner/spinner-light.png]
[pikakid98.github.io/weebly-archive/cdn2.editmysite.com/images/util/loading-white-w24.gif]
[pikakid98.github.io/weebly-archive/cdn2.editmysite.com/images/common/form_input_bg.gif]
[pikakid98.github.io/weebly-archive/cdn2.editmysite.com/sprites/site/forms-s3786257308.png]
[pikakid98.github.io/weebly-archive/cdn2.editmysite.com/sprites/site/forms/@2x-s47607b315a.png]
[pikakid98.github.io/weebly-archive/cdn2.editmysite.com/images/blank.gif]
[pikakid98.github.io/weebly-archive/cdn2.editmysite.com/images/old/photoswipe/loader.gif]
[pikakid98.github.io/weebly-archive/cdn2.editmysite.com/images/old/photoswipe/error.gif]
[pikakid98.github.io/weebly-archive/cdn2.editmysite.com/images/old/photoswipe/icons.png]
[pikakid98.github.io/weebly-archive/cdn2.editmysite.com/images/old/photoswipe/icons@2x.png]
[pikakid98.github.io/weebly-archive/cdn2.editmysite.com/css/sites9b0c9b0c.css]
[pikakid98.github.io/weebly-archive/cdn2.editmysite.com/images/old/fancybox/fancybox_sprite.png]
[pikakid98.github.io/weebly-archive/cdn2.editmysite.com/images/old/fancybox/fancybox_loading.gif]
[pikakid98.github.io/weebly-archive/cdn2.editmysite.com/images/old/fancybox/blank.gif]
[pikakid98.github.io/weebly-archive/cdn2.editmysite.com/images/old/fancybox/fancybox_overlay.png]
[pikakid98.github.io/weebly-archive/cdn2.editmysite.com/css/old/fancybox0d4c0d4c.css]
[pikakid98.github.io/weebly-archive/cdn2.editmysite.com/css/social-icons07f007f0.css]
[pikakid98.github.io/weebly-archive/pikakid98studioslegal.weebly.com/files/theme/fonts/17c55b27-e9ab-43cd-b948-d49f97480d68d41dd41d.eot]
[pikakid98.github.io/weebly-archive/pikakid98studioslegal.weebly.com/files/theme/fonts/2e3f5cb9-101f-46cf-a7b3-dfaa58261e03edddeddd.woff2]
[pikakid98.github.io/weebly-archive/pikakid98studioslegal.weebly.com/files/theme/fonts/fa19948e-5e38-4909-b31e-41acd170d6f2edddeddd.woff]
[pikakid98.github.io/weebly-archive/pikakid98studioslegal.weebly.com/files/theme/fonts/6de0ce4d-9278-467b-b96f-c1f5f0a4c375edddeddd.ttf]
[pikakid98.github.io/weebly-archive/pikakid98studioslegal.weebly.com/files/theme/fonts/9fd4ea0c-b19a-4b21-9fdf-37045707dd78.svg]
[pikakid98.github.io/weebly-archive/pikakid98studioslegal.weebly.com/files/theme/fonts/8b498c39-fabe-4789-bb81-5e37c9ecddd3d41dd41d.eot]
[pikakid98.github.io/weebly-archive/pikakid98studioslegal.weebly.com/files/theme/fonts/1c6c1881-23c9-4d6a-a018-759d1c9ded15edddeddd.woff2]
[pikakid98.github.io/weebly-archive/pikakid98studioslegal.weebly.com/files/theme/fonts/f0d655c5-a88a-49ad-bb29-f3b5cca41731edddeddd.woff]
[pikakid98.github.io/weebly-archive/pikakid98studioslegal.weebly.com/files/theme/fonts/3a561c83-40d4-4868-8255-e8455eb009c4edddeddd.ttf]
[pikakid98.github.io/weebly-archive/pikakid98studioslegal.weebly.com/files/theme/fonts/3966f856-9dcf-48e7-88e7-7400f1b7d619.svg]
[pikakid98.github.io/weebly-archive/pikakid98studioslegal.weebly.com/files/theme/fonts/e9167238-3b3f-4813-a04a-a384394eed42d41dd41d.eot]
[pikakid98.github.io/weebly-archive/pikakid98studioslegal.weebly.com/files/theme/fonts/2cd55546-ec00-4af9-aeca-4a3cd186da53edddeddd.woff2]
[pikakid98.github.io/weebly-archive/pikakid98studioslegal.weebly.com/files/theme/fonts/1e9892c0-6927-4412-9874-1b82801ba47aedddeddd.woff]
[pikakid98.github.io/weebly-archive/pikakid98studioslegal.weebly.com/files/theme/fonts/46cf1067-688d-4aab-b0f7-bd942af6efd8edddeddd.ttf]
[pikakid98.github.io/weebly-archive/pikakid98studioslegal.weebly.com/files/theme/fonts/52a192b1-bea5-4b48-879f-107f009b666f.svg]
[pikakid98.github.io/weebly-archive/pikakid98studioslegal.weebly.com/files/theme/fonts/d1fddef1-d940-4904-8f6c-17e809462301d41dd41d.eot]
[pikakid98.github.io/weebly-archive/pikakid98studioslegal.weebly.com/files/theme/fonts/7377dbe6-f11a-4a05-b33c-bc8ce1f60f84edddeddd.woff2]
[pikakid98.github.io/weebly-archive/pikakid98studioslegal.weebly.com/files/theme/fonts/92b66dbd-4201-4ac2-a605-4d4ffc8705ccedddeddd.woff]
[pikakid98.github.io/weebly-archive/pikakid98studioslegal.weebly.com/files/theme/fonts/18839597-afa8-4f0b-9abb-4a30262d0da8edddeddd.ttf]
[pikakid98.github.io/weebly-archive/pikakid98studioslegal.weebly.com/files/theme/fonts/1de7e6f4-9d4d-47e7-ab23-7d5cf10ab585.svg]
[pikakid98.github.io/weebly-archive/pikakid98studioslegal.weebly.com/files/theme/fonts/1a7c9181-cd24-4943-a9d9-d033189524e0d41dd41d.eot]
[pikakid98.github.io/weebly-archive/pikakid98studioslegal.weebly.com/files/theme/fonts/627fbb5a-3bae-4cd9-b617-2f923e29d55eedddeddd.woff2]
[pikakid98.github.io/weebly-archive/pikakid98studioslegal.weebly.com/files/theme/fonts/f26faddb-86cc-4477-a253-1e1287684336edddeddd.woff]
[pikakid98.github.io/weebly-archive/pikakid98studioslegal.weebly.com/files/theme/fonts/63a74598-733c-4d0c-bd91-b01bffcd6e69edddeddd.ttf]
[pikakid98.github.io/weebly-archive/pikakid98studioslegal.weebly.com/files/theme/fonts/a89d6ad1-a04f-4a8f-b140-e55478dbea80.svg]
[pikakid98.github.io/weebly-archive/pikakid98studioslegal.weebly.com/files/theme/fonts/77a9cdce-ea6a-4f94-95df-e6a54555545ed41dd41d.eot]
[pikakid98.github.io/weebly-archive/pikakid98studioslegal.weebly.com/files/theme/fonts/3f380a53-50ea-4a62-95c5-d5d8dba03ab8edddeddd.woff2]
[pikakid98.github.io/weebly-archive/pikakid98studioslegal.weebly.com/files/theme/fonts/8344e877-560d-44d4-82eb-9822766676f9edddeddd.woff]
[pikakid98.github.io/weebly-archive/pikakid98studioslegal.weebly.com/files/theme/fonts/b28b01d9-78c5-46c6-a30d-9a62c8f407c5edddeddd.ttf]
[pikakid98.github.io/weebly-archive/pikakid98studioslegal.weebly.com/files/theme/fonts/ed4d3c45-af64-4992-974b-c37cd12a9570.svg]
[pikakid98.github.io/weebly-archive/pikakid98studioslegal.weebly.com/files/theme/images/default-bgedddeddd.jpg]
[pikakid98.github.io/weebly-archive/pikakid98studioslegal.weebly.com/files/theme/images/select-dropdownedddeddd.svg]
[pikakid98.github.io/weebly-archive/pikakid98studioslegal.weebly.com/files/main_styleedddeddd.css]
[pikakid98.github.io/weebly-archive/cdn2.editmysite.com/css/sites84218421.css]
[pikakid98.github.io/weebly-archive/cdn2.editmysite.com/js/site/main84218421.js]
[pikakid98.github.io/weebly-archive/cdn2.editmysite.com/js/lang/en/stld2bdd2bd.js]
[pikakid98.github.io/weebly-archive/pikakid98studioslegal.weebly.com/thank-you.html]
[pikakid98.github.io/weebly-archive/pikakid98studioslegal.weebly.com/files/theme/plugins.js]
[pikakid98.github.io/weebly-archive/pikakid98studioslegal.weebly.com/files/theme/custom.js]
[pikakid98.github.io/weebly-archive/pikakid98studioslegal.weebly.com/agreement/accept.html]
[pikakid98.github.io/weebly-archive/pikakid98studioslegal.weebly.com/agreement/decline.html]
[pikakid98.github.io/weebly-archive/pikakid98studioslegal.weebly.com/changes.html]
[pikakid98.github.io/weebly-archive/cdn2.editmysite.com/css/sitesc252c252.css]
[pikakid98.github.io/weebly-archive/cdn2.editmysite.com/css/old/fancybox514c514c.css]
[pikakid98.github.io/weebly-archive/cdn2.editmysite.com/css/social-icons461c461c.css]
[pikakid98.github.io/weebly-archive/cdn2.editmysite.com/js/site/main-customer-accounts-site84218421.js]
[pikakid98.github.io/weebly-archive/tsoasnc-walkthrough.weebly.com/files/theme/fonts/17c55b27-e9ab-43cd-b948-d49f97480d68d41dd41d.eot]
[pikakid98.github.io/weebly-archive/tsoasnc-walkthrough.weebly.com/files/theme/fonts/2e3f5cb9-101f-46cf-a7b3-dfaa58261e0380498049.woff2]
[pikakid98.github.io/weebly-archive/tsoasnc-walkthrough.weebly.com/files/theme/fonts/fa19948e-5e38-4909-b31e-41acd170d6f280498049.woff]
[pikakid98.github.io/weebly-archive/tsoasnc-walkthrough.weebly.com/files/theme/fonts/6de0ce4d-9278-467b-b96f-c1f5f0a4c37580498049.ttf]
[pikakid98.github.io/weebly-archive/tsoasnc-walkthrough.weebly.com/files/theme/fonts/9fd4ea0c-b19a-4b21-9fdf-37045707dd78.svg]
[pikakid98.github.io/weebly-archive/tsoasnc-walkthrough.weebly.com/files/theme/fonts/8b498c39-fabe-4789-bb81-5e37c9ecddd3d41dd41d.eot]
[pikakid98.github.io/weebly-archive/tsoasnc-walkthrough.weebly.com/files/theme/fonts/1c6c1881-23c9-4d6a-a018-759d1c9ded1580498049.woff2]
[pikakid98.github.io/weebly-archive/tsoasnc-walkthrough.weebly.com/files/theme/fonts/f0d655c5-a88a-49ad-bb29-f3b5cca4173180498049.woff]
[pikakid98.github.io/weebly-archive/tsoasnc-walkthrough.weebly.com/files/theme/fonts/3a561c83-40d4-4868-8255-e8455eb009c480498049.ttf]
[pikakid98.github.io/weebly-archive/tsoasnc-walkthrough.weebly.com/files/theme/fonts/3966f856-9dcf-48e7-88e7-7400f1b7d619.svg]
[pikakid98.github.io/weebly-archive/tsoasnc-walkthrough.weebly.com/files/theme/fonts/e9167238-3b3f-4813-a04a-a384394eed42d41dd41d.eot]
[pikakid98.github.io/weebly-archive/tsoasnc-walkthrough.weebly.com/files/theme/fonts/2cd55546-ec00-4af9-aeca-4a3cd186da5380498049.woff2]
[pikakid98.github.io/weebly-archive/tsoasnc-walkthrough.weebly.com/files/theme/fonts/1e9892c0-6927-4412-9874-1b82801ba47a80498049.woff]
[pikakid98.github.io/weebly-archive/tsoasnc-walkthrough.weebly.com/files/theme/fonts/46cf1067-688d-4aab-b0f7-bd942af6efd880498049.ttf]
[pikakid98.github.io/weebly-archive/tsoasnc-walkthrough.weebly.com/files/theme/fonts/52a192b1-bea5-4b48-879f-107f009b666f.svg]
[pikakid98.github.io/weebly-archive/tsoasnc-walkthrough.weebly.com/files/theme/fonts/d1fddef1-d940-4904-8f6c-17e809462301d41dd41d.eot]
[pikakid98.github.io/weebly-archive/tsoasnc-walkthrough.weebly.com/files/theme/fonts/7377dbe6-f11a-4a05-b33c-bc8ce1f60f8480498049.woff2]
[pikakid98.github.io/weebly-archive/tsoasnc-walkthrough.weebly.com/files/theme/fonts/92b66dbd-4201-4ac2-a605-4d4ffc8705cc80498049.woff]
[pikakid98.github.io/weebly-archive/tsoasnc-walkthrough.weebly.com/files/theme/fonts/18839597-afa8-4f0b-9abb-4a30262d0da880498049.ttf]
[pikakid98.github.io/weebly-archive/tsoasnc-walkthrough.weebly.com/files/theme/fonts/1de7e6f4-9d4d-47e7-ab23-7d5cf10ab585.svg]
[pikakid98.github.io/weebly-archive/tsoasnc-walkthrough.weebly.com/files/theme/fonts/1a7c9181-cd24-4943-a9d9-d033189524e0d41dd41d.eot]
[pikakid98.github.io/weebly-archive/tsoasnc-walkthrough.weebly.com/files/theme/fonts/627fbb5a-3bae-4cd9-b617-2f923e29d55e80498049.woff2]
[pikakid98.github.io/weebly-archive/tsoasnc-walkthrough.weebly.com/files/theme/fonts/f26faddb-86cc-4477-a253-1e128768433680498049.woff]
[pikakid98.github.io/weebly-archive/tsoasnc-walkthrough.weebly.com/files/theme/fonts/63a74598-733c-4d0c-bd91-b01bffcd6e6980498049.ttf]
[pikakid98.github.io/weebly-archive/tsoasnc-walkthrough.weebly.com/files/theme/fonts/a89d6ad1-a04f-4a8f-b140-e55478dbea80.svg]
[pikakid98.github.io/weebly-archive/tsoasnc-walkthrough.weebly.com/files/theme/fonts/77a9cdce-ea6a-4f94-95df-e6a54555545ed41dd41d.eot]
[pikakid98.github.io/weebly-archive/tsoasnc-walkthrough.weebly.com/files/theme/fonts/3f380a53-50ea-4a62-95c5-d5d8dba03ab880498049.woff2]
[pikakid98.github.io/weebly-archive/tsoasnc-walkthrough.weebly.com/files/theme/fonts/8344e877-560d-44d4-82eb-9822766676f980498049.woff]
[pikakid98.github.io/weebly-archive/tsoasnc-walkthrough.weebly.com/files/theme/fonts/b28b01d9-78c5-46c6-a30d-9a62c8f407c580498049.ttf]
[pikakid98.github.io/weebly-archive/tsoasnc-walkthrough.weebly.com/files/theme/fonts/ed4d3c45-af64-4992-974b-c37cd12a9570.svg]
[pikakid98.github.io/weebly-archive/tsoasnc-walkthrough.weebly.com/files/theme/images/default-bg80498049.html]
[pikakid98.github.io/weebly-archive/tsoasnc-walkthrough.weebly.com/files/theme/images/select-dropdown80498049.html]
[pikakid98.github.io/weebly-archive/tsoasnc-walkthrough.weebly.com/files/main_style80498049.css]
[pikakid98.github.io/weebly-archive/cdn2.editmysite.com/css/sitesd50cd50c.css]
[pikakid98.github.io/weebly-archive/cdn2.editmysite.com/js/site/maind50cd50c.js]
[pikakid98.github.io/weebly-archive/cdn2.editmysite.com/js/lang/en/stl58815881.js]
[pikakid98.github.io/weebly-archive/tsoasnc-walkthrough.weebly.com/candice-story/important-story.html]
[pikakid98.github.io/weebly-archive/tsoasnc-walkthrough.weebly.com/candice-story/secrets.html]
[pikakid98.github.io/weebly-archive/tsoasnc-walkthrough.weebly.com/candice-story/achievements.html]
[pikakid98.github.io/weebly-archive/tsoasnc-walkthrough.weebly.com/files/theme/plugins.js]
[pikakid98.github.io/weebly-archive/tsoasnc-walkthrough.weebly.com/files/theme/custom.js]
[pikakid98.github.io/weebly-archive/tsoasnc-walkthrough.weebly.com/candice-story.html]
[pikakid98.github.io/weebly-archive/cdn2.editmysite.com/css/sites5b805b80.css]
[pikakid98.github.io/weebly-archive/cdn2.editmysite.com/css/old/fancyboxcb6fcb6f.css]
[pikakid98.github.io/weebly-archive/cdn2.editmysite.com/css/social-icons93139313.css]
[pikakid98.github.io/weebly-archive/cdn2.editmysite.com/js/site/main-customer-accounts-sited50cd50c.js]
[pikakid98.github.io/weebly-archive/am2r-lives.weebly.com/files/theme/images/button-arrow-black89fc89fc.svg]
[pikakid98.github.io/weebly-archive/am2r-lives.weebly.com/files/theme/images/button-arrow-white89fc89fc.svg]
[pikakid98.github.io/weebly-archive/am2r-lives.weebly.com/files/theme/images/quotes89fc89fc.png]
[pikakid98.github.io/weebly-archive/am2r-lives.weebly.com/files/theme/images/close89fc89fc.svg]
[pikakid98.github.io/weebly-archive/am2r-lives.weebly.com/files/theme/images/default-bg89fc89fc.jpg]
[pikakid98.github.io/weebly-archive/am2r-lives.weebly.com/files/main_style89fc89fc.css]
[pikakid98.github.io/weebly-archive/cdn2.editmysite.com/css/sitesa8cba8cb.css]
[pikakid98.github.io/weebly-archive/cdn2.editmysite.com/js/site/maina8cba8cb.js]
[pikakid98.github.io/weebly-archive/cdn2.editmysite.com/js/lang/en/stl3ded3ded.js]
[pikakid98.github.io/weebly-archive/am2r-lives.weebly.com/uploads/4/8/0/1/48016755/background-images/667082079.jpg]
[pikakid98.github.io/weebly-archive/am2r-lives.weebly.com/download.html]
[pikakid98.github.io/weebly-archive/cdn2.editmysite.com/js/site/main-customer-accounts-sitea8cba8cb.js]
[pikakid98.github.io/weebly-archive/cdn2.editmysite.com/css/sites226e226e.css]
[pikakid98.github.io/weebly-archive/cdn2.editmysite.com/js/site/main226e226e.js]
[pikakid98.github.io/weebly-archive/cdn2.editmysite.com/js/lang/en/stl1f241f24.js]
[pikakid98.github.io/weebly-archive/am2r-lives.weebly.com/legal.html]
[pikakid98.github.io/weebly-archive/cdn2.editmysite.com/js/site/main-customer-accounts-site226e226e.js]
[pikakid98.github.io/weebly-archive/am2r-lives.weebly.com/uploads/4/8/0/1/48016755/published/download6f426f42.png]
[pikakid98.github.io/weebly-archive/am2r-lives.weebly.com/uploads/4/8/0/1/48016755/published/download-1a69ca69c.png]
[pikakid98.github.io/weebly-archive/am2r-lives.weebly.com/uploads/4/8/0/1/48016755/published/am2r-discord6b256b25.png]
[pikakid98.github.io/weebly-archive/am2r-lives.weebly.com/external-links.html]
[pikakid98.github.io/weebly-archive/cdn2.editmysite.com/css/sitesd511d511.css]
[pikakid98.github.io/weebly-archive/cdn2.editmysite.com/css/old/fancybox21762176.css]
[pikakid98.github.io/weebly-archive/cdn2.editmysite.com/css/social-iconsb6f3b6f3.css]
[pikakid98.github.io/weebly-archive/thepikakid98graveyard.weebly.com/files/theme/images/dark-search65f165f1.png]
[pikakid98.github.io/weebly-archive/thepikakid98graveyard.weebly.com/files/theme/images/dark-cart-265f165f1.png]
[pikakid98.github.io/weebly-archive/thepikakid98graveyard.weebly.com/files/theme/images/dark-cart65f165f1.png]
[pikakid98.github.io/weebly-archive/thepikakid98graveyard.weebly.com/files/theme/images/bg-dark65f165f1.jpg]
[pikakid98.github.io/weebly-archive/thepikakid98graveyard.weebly.com/files/theme/images/product-expand65f165f1.png]
[pikakid98.github.io/weebly-archive/thepikakid98graveyard.weebly.com/files/theme/images/dark-share65f165f1.png]
[pikakid98.github.io/weebly-archive/thepikakid98graveyard.weebly.com/files/theme/images/dropdown65f165f1.png]
[pikakid98.github.io/weebly-archive/thepikakid98graveyard.weebly.com/files/main_style65f165f1.css]
[pikakid98.github.io/weebly-archive/thepikakid98graveyard.weebly.com/uploads/4/8/0/1/48016755/tpg-ts-p-site-webs_orig.png]
[pikakid98.github.io/weebly-archive/thepikakid98graveyard.weebly.com/uploads/4/8/0/1/48016755/tpg-ts-tma-webs_orig.png]
[pikakid98.github.io/weebly-archive/thepikakid98graveyard.weebly.com/uploads/4/8/0/1/48016755/tpg-ts-teamphe_orig.png]
[pikakid98.github.io/weebly-archive/thepikakid98graveyard.weebly.com/uploads/4/8/0/1/48016755/tpg-ts-forumded_orig.png]
[pikakid98.github.io/weebly-archive/thepikakid98graveyard.weebly.com/uploads/4/8/0/1/48016755/tpg-ts-p-reup-site_orig.png]
[pikakid98.github.io/weebly-archive/thepikakid98graveyard.weebly.com/uploads/4/8/0/1/48016755/tpg-ts-3fwmg_orig.png]
[pikakid98.github.io/weebly-archive/thepikakid98graveyard.weebly.com/uploads/4/8/0/1/48016755/tpg-ts-no_orig.png]
[pikakid98.github.io/weebly-archive/thepikakid98graveyard.weebly.com/uploads/4/8/0/1/48016755/tpg-ts-dj-t-original-site_orig.png]
[pikakid98.github.io/weebly-archive/thepikakid98graveyard.weebly.com/uploads/4/8/0/1/48016755/tpg-ts-pagearchive_orig.png]
[pikakid98.github.io/weebly-archive/thepikakid98graveyard.weebly.com/uploads/4/8/0/1/48016755/tpg-ts-pikaprod_orig.png]
[pikakid98.github.io/weebly-archive/cdn2.editmysite.com/css/sites46704670.css]
[pikakid98.github.io/weebly-archive/thepikakid98graveyard.weebly.com/uploads/4/8/0/1/48016755/background-images/1918044543.jpg]
[pikakid98.github.io/weebly-archive/cdn2.editmysite.com/js/lang/en/stl7ac37ac3.js]
[pikakid98.github.io/weebly-archive/cdn2.editmysite.com/js/site/main46704670.js]
[pikakid98.github.io/weebly-archive/cdn2.editmysite.com/js/site/theme-plugins46704670.js]
[pikakid98.github.io/weebly-archive/thepikakid98graveyard.weebly.com/pikakid98-website-webs.html]
[pikakid98.github.io/weebly-archive/thepikakid98graveyard.weebly.com/team-midna-animations.html]
[pikakid98.github.io/weebly-archive/thepikakid98graveyard.weebly.com/team-phe.html]
[pikakid98.github.io/weebly-archive/thepikakid98graveyard.weebly.com/pikakid98-forums.html]
[pikakid98.github.io/weebly-archive/thepikakid98graveyard.weebly.com/pikas-reuploads-website.html]
[pikakid98.github.io/weebly-archive/thepikakid98graveyard.weebly.com/3-friends-who-make-games.html]
[pikakid98.github.io/weebly-archive/thepikakid98graveyard.weebly.com/nostalgia-overdrive.html]
[pikakid98.github.io/weebly-archive/thepikakid98graveyard.weebly.com/dj-twilight-website.html]
[pikakid98.github.io/weebly-archive/thepikakid98graveyard.weebly.com/page-archive-website.html]
[pikakid98.github.io/weebly-archive/thepikakid98graveyard.weebly.com/pikakid98-productions.html]
[pikakid98.github.io/weebly-archive/thepikakid98graveyard.weebly.com/thogat.html]
[pikakid98.github.io/weebly-archive/thepikakid98graveyard.weebly.com/uploads/4/8/0/1/48016755/tpg-ts-thogat_orig.png]
[pikakid98.github.io/weebly-archive/thepikakid98graveyard.weebly.com/jammin-tunes.html]
[pikakid98.github.io/weebly-archive/thepikakid98graveyard.weebly.com/uploads/4/8/0/1/48016755/tpg-ts-jammin-tunes_orig.png]
[pikakid98.github.io/weebly-archive/thepikakid98graveyard.weebly.com/nyancatking98.html]
[pikakid98.github.io/weebly-archive/thepikakid98graveyard.weebly.com/uploads/4/8/0/1/48016755/tpg-ts-nck98_orig.png]
[pikakid98.github.io/weebly-archive/thepikakid98graveyard.weebly.com/keyblademastersora98.html]
[pikakid98.github.io/weebly-archive/thepikakid98graveyard.weebly.com/uploads/4/8/0/1/48016755/tpg-ts-kms_orig.png]
[pikakid98.github.io/weebly-archive/thepikakid98graveyard.weebly.com/link-andzelda.html]
[pikakid98.github.io/weebly-archive/thepikakid98graveyard.weebly.com/uploads/4/8/0/1/48016755/tpg-ts-laz_orig.png]
[pikakid98.github.io/weebly-archive/thepikakid98graveyard.weebly.com/uploads/4/8/0/1/48016755/tpg-ts-c4s_orig.png]
[pikakid98.github.io/weebly-archive/thepikakid98graveyard.weebly.com/pikakid98-lols.html]
[pikakid98.github.io/weebly-archive/thepikakid98graveyard.weebly.com/uploads/4/8/0/1/48016755/tpg-ts-pl_orig.png]
[pikakid98.github.io/weebly-archive/thepikakid98graveyard.weebly.com/the-minecraft.html]
[pikakid98.github.io/weebly-archive/thepikakid98graveyard.weebly.com/uploads/4/8/0/1/48016755/tpg-ts-tm_orig.png]
[pikakid98.github.io/weebly-archive/thepikakid98graveyard.weebly.com/the-windows-movie-maker-era.html]
[pikakid98.github.io/weebly-archive/thepikakid98graveyard.weebly.com/uploads/4/8/0/1/48016755/tpg-ts-twmme_orig.png]
[pikakid98.github.io/weebly-archive/thepikakid98graveyard.weebly.com/pika-and-alexy.html]
[pikakid98.github.io/weebly-archive/thepikakid98graveyard.weebly.com/uploads/4/8/0/1/48016755/tpg-ts-paa_orig.png]
[pikakid98.github.io/weebly-archive/thepikakid98graveyard.weebly.com/3ds-recording.html]
[pikakid98.github.io/weebly-archive/thepikakid98graveyard.weebly.com/uploads/4/8/0/1/48016755/tpg-ts-3dsr_orig.png]
[pikakid98.github.io/weebly-archive/thepikakid98graveyard.weebly.com/intros-for-everything.html]
[pikakid98.github.io/weebly-archive/thepikakid98graveyard.weebly.com/uploads/4/8/0/1/48016755/tpg-ts-ife_orig.png]
[pikakid98.github.io/weebly-archive/thepikakid98graveyard.weebly.com/pikakid9hate-hate-reviews.html]
[pikakid98.github.io/weebly-archive/thepikakid98graveyard.weebly.com/uploads/4/8/0/1/48016755/tpg-ts-p9hate_orig.png]
[pikakid98.github.io/weebly-archive/thepikakid98graveyard.weebly.com/pikakid98-shop.html]
[pikakid98.github.io/weebly-archive/thepikakid98graveyard.weebly.com/uploads/4/8/0/1/48016755/tpg-ts-p-shop_orig.png]
[pikakid98.github.io/weebly-archive/thepikakid98graveyard.weebly.com/the-binding-of-pikakid98.html]
[pikakid98.github.io/weebly-archive/thepikakid98graveyard.weebly.com/uploads/4/8/0/1/48016755/tpg-ts-tbop_orig.png]
[pikakid98.github.io/weebly-archive/thepikakid98graveyard.weebly.com/jordan-irl-youtube-channel.html]
[pikakid98.github.io/weebly-archive/thepikakid98graveyard.weebly.com/uploads/4/8/0/1/48016755/tpg-ts-p-irl-chan_orig.png]
[pikakid98.github.io/weebly-archive/thepikakid98graveyard.weebly.com/pikakid98-irl-website.html]
[pikakid98.github.io/weebly-archive/thepikakid98graveyard.weebly.com/uploads/4/8/0/1/48016755/tpg-ts-p-irl-web_orig.png]
[pikakid98.github.io/weebly-archive/thepikakid98graveyard.weebly.com/pikakid98s-best-buddy-pikachu.html]
[pikakid98.github.io/weebly-archive/thepikakid98graveyard.weebly.com/uploads/4/8/0/1/48016755/tpg-ts-pikabestbudpikachu_orig.png]
[pikakid98.github.io/weebly-archive/thepikakid98graveyard.weebly.com/a-tribute-to-pikakid98s-father.html]
[pikakid98.github.io/weebly-archive/thepikakid98graveyard.weebly.com/uploads/4/8/0/1/48016755/tpg-attpf_orig.png]
[pikakid98.github.io/weebly-archive/thepikakid98graveyard.weebly.com/idea-graveyard_slow.html]
[pikakid98.github.io/weebly-archive/thepikakid98graveyard.weebly.com/idea-graveyard.html]
[pikakid98.github.io/weebly-archive/cdn2.editmysite.com/css/sites14a714a7.css]
[pikakid98.github.io/weebly-archive/cdn2.editmysite.com/js/site/main-customer-accounts-site46704670.js]
[pikakid98.github.io/weebly-archive/cdn2.editmysite.com/js/site/main14a714a7.js]
[pikakid98.github.io/weebly-archive/cdn2.editmysite.com/js/lang/en/stl871e871e.js]
[pikakid98.github.io/weebly-archive/cdn2.editmysite.com/js/site/theme-plugins14a714a7.js]
[pikakid98.github.io/weebly-archive/thepikakid98graveyard.weebly.com/url-graveyard.html]
[pikakid98.github.io/weebly-archive/thepikakid98graveyard.weebly.com/account-graveyard.html]
[pikakid98.github.io/support-me/hire-me/2poundexample-2.html]
[pikakid98.github.io/support-me/hire-me/5poundexample-2.html]
[pikakid98.github.io/support-me/hire-me/clients-2.html]
[pikakid98.github.io/support-me/hire-me/feecalculator-2.html]
[pikakid98.github.io/weebly-archive/pikakid98studioslegal.weebly.com/files/theme/fonts/9fd4ea0c-b19a-4b21-9fdf-37045707dd78.svg]
[pikakid98.github.io/weebly-archive/pikakid98studioslegal.weebly.com/files/theme/fonts/3966f856-9dcf-48e7-88e7-7400f1b7d619.svg]
[pikakid98.github.io/weebly-archive/pikakid98studioslegal.weebly.com/files/theme/fonts/52a192b1-bea5-4b48-879f-107f009b666f.svg]
[pikakid98.github.io/weebly-archive/pikakid98studioslegal.weebly.com/files/theme/fonts/1de7e6f4-9d4d-47e7-ab23-7d5cf10ab585.svg]
[pikakid98.github.io/weebly-archive/pikakid98studioslegal.weebly.com/files/theme/fonts/a89d6ad1-a04f-4a8f-b140-e55478dbea80.svg]
[pikakid98.github.io/weebly-archive/pikakid98studioslegal.weebly.com/files/theme/fonts/ed4d3c45-af64-4992-974b-c37cd12a9570.svg]
[pikakid98.github.io/weebly-archive/pikakid98studioslegal.weebly.com/files/theme/images/select-dropdownedddeddd.svg]
[pikakid98.github.io/weebly-archive/cdn2.editmysite.com/css/sites84218421.css]
[pikakid98.github.io/weebly-archive/cdn2.editmysite.com/js/site/main-customer-accounts-site14a714a7.js]
[pikakid98.github.io/weebly-archive/pikakid98studioslegal.weebly.com/uploads/4/8/0/1/48016755/published/8_16f196f19.png]
[pikakid98.github.io/weebly-archive/cdn2.editmysite.com/css/sites4fc24fc2.css]
[pikakid98.github.io/weebly-archive/cdn2.editmysite.com/js/site/main4fc24fc2.js]
[pikakid98.github.io/weebly-archive/cdn2.editmysite.com/js/lang/en/stl2cc32cc3.js]
[pikakid98.github.io/weebly-archive/pikakid98studioslegal.weebly.com/thank-you.html]
[pikakid98.github.io/weebly-archive/tsoasnc-walkthrough.weebly.com/files/theme/fonts/9fd4ea0c-b19a-4b21-9fdf-37045707dd78.svg]
[pikakid98.github.io/weebly-archive/tsoasnc-walkthrough.weebly.com/files/theme/fonts/3966f856-9dcf-48e7-88e7-7400f1b7d619.svg]
[pikakid98.github.io/weebly-archive/tsoasnc-walkthrough.weebly.com/files/theme/fonts/52a192b1-bea5-4b48-879f-107f009b666f.svg]
[pikakid98.github.io/weebly-archive/tsoasnc-walkthrough.weebly.com/files/theme/fonts/1de7e6f4-9d4d-47e7-ab23-7d5cf10ab585.svg]
[pikakid98.github.io/weebly-archive/tsoasnc-walkthrough.weebly.com/files/theme/fonts/a89d6ad1-a04f-4a8f-b140-e55478dbea80.svg]
[pikakid98.github.io/weebly-archive/tsoasnc-walkthrough.weebly.com/files/theme/fonts/ed4d3c45-af64-4992-974b-c37cd12a9570.svg]
[pikakid98.github.io/weebly-archive/tsoasnc-walkthrough.weebly.com/files/theme/images/default-bg80498049.html]
[pikakid98.github.io/weebly-archive/tsoasnc-walkthrough.weebly.com/files/theme/images/select-dropdown80498049.html]
[pikakid98.github.io/weebly-archive/cdn2.editmysite.com/css/sitesd50cd50c.css]
[pikakid98.github.io/weebly-archive/cdn2.editmysite.com/js/site/main-customer-accounts-site4fc24fc2.js]
[pikakid98.github.io/weebly-archive/tsoasnc-walkthrough.weebly.com/uploads/4/8/0/1/48016755/published/wakthrough-ruins-of-etera-1_245a145a1.png]
[pikakid98.github.io/weebly-archive/tsoasnc-walkthrough.weebly.com/uploads/4/8/0/1/48016755/wakthrough-ruins-of-etera-1_2_orig.png]
[pikakid98.github.io/weebly-archive/tsoasnc-walkthrough.weebly.com/candice-story/important-story.html]
[pikakid98.github.io/weebly-archive/tsoasnc-walkthrough.weebly.com/uploads/4/8/0/1/48016755/wakthrough-crevace-caves_2_orig.png]
[pikakid98.github.io/weebly-archive/tsoasnc-walkthrough.weebly.com/uploads/4/8/0/1/48016755/published/walkthrough-unbuilt-secret_27c0d7c0d.png]
[pikakid98.github.io/weebly-archive/tsoasnc-walkthrough.weebly.com/uploads/4/8/0/1/48016755/walkthrough-unbuilt-secret_2_orig.png]
[pikakid98.github.io/weebly-archive/tsoasnc-walkthrough.weebly.com/candice-story/secrets.html]
[pikakid98.github.io/weebly-archive/cdn2.editmysite.com/css/sites881d881d.css]
[pikakid98.github.io/weebly-archive/cdn2.editmysite.com/js/site/main881d881d.js]
[pikakid98.github.io/weebly-archive/cdn2.editmysite.com/js/lang/en/stlb48bb48b.js]
[pikakid98.github.io/weebly-archive/tsoasnc-walkthrough.weebly.com/candice-story/achievements.html]
[pikakid98.github.io/weebly-archive/am2r-lives.weebly.com/files/theme/images/button-arrow-black89fc89fc.svg]
[pikakid98.github.io/weebly-archive/am2r-lives.weebly.com/files/theme/images/button-arrow-white89fc89fc.svg]
[pikakid98.github.io/weebly-archive/am2r-lives.weebly.com/files/theme/images/close89fc89fc.svg]
[pikakid98.github.io/weebly-archive/cdn2.editmysite.com/css/sitesa8cba8cb.css]
[pikakid98.github.io/weebly-archive/cdn2.editmysite.com/css/sites226e226e.css]
[pikakid98.github.io/weebly-archive/cdn2.editmysite.com/css/sites46704670.css]
[pikakid98.github.io/weebly-archive/cdn2.editmysite.com/js/site/main-customer-accounts-site881d881d.js]
[pikakid98.github.io/weebly-archive/thepikakid98graveyard.weebly.com/uploads/4/8/0/1/48016755/tpg-p-site-webs_orig.png]
[pikakid98.github.io/weebly-archive/cdn2.editmysite.com/css/sites840f840f.css]
[pikakid98.github.io/weebly-archive/cdn2.editmysite.com/js/site/main840f840f.js]
[pikakid98.github.io/weebly-archive/cdn2.editmysite.com/js/lang/en/stl6dc66dc6.js]
[pikakid98.github.io/weebly-archive/cdn2.editmysite.com/js/site/theme-plugins840f840f.js]
[pikakid98.github.io/weebly-archive/thepikakid98graveyard.weebly.com/pikakid98-website-webs.html]
[pikakid98.github.io/weebly-archive/cdn2.editmysite.com/js/site/main-customer-accounts-site840f840f.js]
[pikakid98.github.io/weebly-archive/thepikakid98graveyard.weebly.com/uploads/4/8/0/1/48016755/tpg-tma-webs_orig.png]
[pikakid98.github.io/weebly-archive/thepikakid98graveyard.weebly.com/team-midna-animations.html]
[pikakid98.github.io/weebly-archive/thepikakid98graveyard.weebly.com/uploads/4/8/0/1/48016755/tpg-teamphe_orig.png]
[pikakid98.github.io/weebly-archive/cdn2.editmysite.com/css/sites2fdb2fdb.css]
[pikakid98.github.io/weebly-archive/cdn2.editmysite.com/js/site/main2fdb2fdb.js]
[pikakid98.github.io/weebly-archive/cdn2.editmysite.com/js/lang/en/stl28c328c3.js]
[pikakid98.github.io/weebly-archive/cdn2.editmysite.com/js/site/theme-plugins2fdb2fdb.js]
[pikakid98.github.io/weebly-archive/thepikakid98graveyard.weebly.com/team-phe.html]
[pikakid98.github.io/weebly-archive/cdn2.editmysite.com/js/site/main-customer-accounts-site2fdb2fdb.js]
[pikakid98.github.io/weebly-archive/thepikakid98graveyard.weebly.com/uploads/4/8/0/1/48016755/tpg-forumded_orig.jpg]
[pikakid98.github.io/weebly-archive/cdn2.editmysite.com/css/sitesbda3bda3.css]
[pikakid98.github.io/weebly-archive/cdn2.editmysite.com/js/site/mainbda3bda3.js]
[pikakid98.github.io/weebly-archive/cdn2.editmysite.com/js/lang/en/stlbdf0bdf0.js]
[pikakid98.github.io/weebly-archive/cdn2.editmysite.com/js/site/theme-pluginsbda3bda3.js]
[pikakid98.github.io/weebly-archive/thepikakid98graveyard.weebly.com/pikakid98-forums.html]
[pikakid98.github.io/weebly-archive/cdn2.editmysite.com/js/site/main-customer-accounts-sitebda3bda3.js]
[pikakid98.github.io/weebly-archive/thepikakid98graveyard.weebly.com/uploads/4/8/0/1/48016755/tpg-p-reup-site_orig.png]
[pikakid98.github.io/weebly-archive/cdn2.editmysite.com/css/sites627d627d.css]
[pikakid98.github.io/weebly-archive/cdn2.editmysite.com/js/site/main627d627d.js]
[pikakid98.github.io/weebly-archive/cdn2.editmysite.com/js/site/theme-plugins627d627d.js]
[pikakid98.github.io/weebly-archive/thepikakid98graveyard.weebly.com/pikas-reuploads-website.html]
[pikakid98.github.io/weebly-archive/cdn2.editmysite.com/js/lang/en/stl65d965d9.js]
[pikakid98.github.io/weebly-archive/cdn2.editmysite.com/js/site/main-customer-accounts-site627d627d.js]
[pikakid98.github.io/weebly-archive/thepikakid98graveyard.weebly.com/uploads/4/8/0/1/48016755/tpg-3fwmg_orig.png]
[pikakid98.github.io/weebly-archive/cdn2.editmysite.com/css/sites429d429d.css]
[pikakid98.github.io/weebly-archive/cdn2.editmysite.com/js/lang/en/stle9e9e9e9.js]
[pikakid98.github.io/weebly-archive/cdn2.editmysite.com/js/site/main429d429d.js]
[pikakid98.github.io/weebly-archive/cdn2.editmysite.com/js/site/theme-plugins429d429d.js]
[pikakid98.github.io/weebly-archive/thepikakid98graveyard.weebly.com/3-friends-who-make-games.html]
[pikakid98.github.io/weebly-archive/cdn2.editmysite.com/js/site/main-customer-accounts-site429d429d.js]
[pikakid98.github.io/weebly-archive/thepikakid98graveyard.weebly.com/uploads/4/8/0/1/48016755/tpg-no_orig.png]
[pikakid98.github.io/weebly-archive/thepikakid98graveyard.weebly.com/nostalgia-overdrive.html]
[pikakid98.github.io/weebly-archive/thepikakid98graveyard.weebly.com/uploads/4/8/0/1/48016755/tpg-dj-t-original-site_orig.png]
[pikakid98.github.io/weebly-archive/cdn2.editmysite.com/css/sites0e540e54.css]
[pikakid98.github.io/weebly-archive/cdn2.editmysite.com/js/site/main0e540e54.js]
[pikakid98.github.io/weebly-archive/cdn2.editmysite.com/js/lang/en/stl07670767.js]
[pikakid98.github.io/weebly-archive/cdn2.editmysite.com/js/site/theme-plugins0e540e54.js]
[pikakid98.github.io/weebly-archive/thepikakid98graveyard.weebly.com/dj-twilight-website.html]
[pikakid98.github.io/weebly-archive/cdn2.editmysite.com/js/site/main-customer-accounts-site0e540e54.js]
[pikakid98.github.io/weebly-archive/thepikakid98graveyard.weebly.com/uploads/4/8/0/1/48016755/tpg-pagearchive_orig.png]
[pikakid98.github.io/weebly-archive/cdn2.editmysite.com/css/sites76827682.css]
[pikakid98.github.io/weebly-archive/cdn2.editmysite.com/js/site/theme-plugins76827682.js]
[pikakid98.github.io/weebly-archive/cdn2.editmysite.com/js/site/main76827682.js]
[pikakid98.github.io/weebly-archive/cdn2.editmysite.com/js/lang/en/stl22cf22cf.js]
[pikakid98.github.io/weebly-archive/thepikakid98graveyard.weebly.com/page-archive-website.html]
[pikakid98.github.io/weebly-archive/thepikakid98graveyard.weebly.com/uploads/4/8/0/1/48016755/tpg-pikaprod_orig.png]
[pikakid98.github.io/weebly-archive/cdn2.editmysite.com/js/site/main-customer-accounts-site76827682.js]
[pikakid98.github.io/weebly-archive/cdn2.editmysite.com/css/sitesaa38aa38.css]
[pikakid98.github.io/weebly-archive/cdn2.editmysite.com/js/site/mainaa38aa38.js]
[pikakid98.github.io/weebly-archive/cdn2.editmysite.com/js/lang/en/stl2a692a69.js]
[pikakid98.github.io/weebly-archive/cdn2.editmysite.com/js/site/theme-pluginsaa38aa38.js]
[pikakid98.github.io/weebly-archive/thepikakid98graveyard.weebly.com/pikakid98-productions.html]
[pikakid98.github.io/weebly-archive/cdn2.editmysite.com/js/site/main-customer-accounts-siteaa38aa38.js]
[pikakid98.github.io/weebly-archive/thepikakid98graveyard.weebly.com/uploads/4/8/0/1/48016755/tpg-thogat_orig.png]
[pikakid98.github.io/weebly-archive/thepikakid98graveyard.weebly.com/thogat.html]
[pikakid98.github.io/weebly-archive/thepikakid98graveyard.weebly.com/uploads/4/8/0/1/48016755/tpg-jammin-tunes_orig.png]
[pikakid98.github.io/weebly-archive/thepikakid98graveyard.weebly.com/uploads/4/8/0/1/48016755/published/snapshot-126fa95fa95.png]
[pikakid98.github.io/weebly-archive/cdn2.editmysite.com/css/sites91439143.css]
[pikakid98.github.io/weebly-archive/cdn2.editmysite.com/js/site/main91439143.js]
[pikakid98.github.io/weebly-archive/cdn2.editmysite.com/js/lang/en/stl30173017.js]
[pikakid98.github.io/weebly-archive/cdn2.editmysite.com/js/site/theme-plugins91439143.js]
[pikakid98.github.io/weebly-archive/thepikakid98graveyard.weebly.com/jammin-tunes.html]
[pikakid98.github.io/weebly-archive/cdn2.editmysite.com/js/site/main-customer-accounts-site91439143.js]
[pikakid98.github.io/weebly-archive/thepikakid98graveyard.weebly.com/uploads/4/8/0/1/48016755/tpg-nck98_orig.gif]
[pikakid98.github.io/weebly-archive/thepikakid98graveyard.weebly.com/nyancatking98.html]
[pikakid98.github.io/weebly-archive/thepikakid98graveyard.weebly.com/uploads/4/8/0/1/48016755/tpg-kms_orig.jpg]
[pikakid98.github.io/weebly-archive/thepikakid98graveyard.weebly.com/uploads/4/8/0/1/48016755/tpg-kms-2_orig.jpg]
[pikakid98.github.io/weebly-archive/thepikakid98graveyard.weebly.com/keyblademastersora98.html]
[pikakid98.github.io/weebly-archive/thepikakid98graveyard.weebly.com/uploads/4/8/0/1/48016755/published/tpg-laz81448144.jpg]
[pikakid98.github.io/weebly-archive/thepikakid98graveyard.weebly.com/link-andzelda.html]
[pikakid98.github.io/weebly-archive/thepikakid98graveyard.weebly.com/uploads/4/8/0/1/48016755/tpg-pl_orig.png]
[pikakid98.github.io/weebly-archive/thepikakid98graveyard.weebly.com/pikakid98-compete4subs.html]
[pikakid98.github.io/weebly-archive/thepikakid98graveyard.weebly.com/pikakid98-lols.html]
[pikakid98.github.io/weebly-archive/thepikakid98graveyard.weebly.com/pikakid98-lols_cringecontent.html]
[pikakid98.github.io/weebly-archive/thepikakid98graveyard.weebly.com/uploads/4/8/0/1/48016755/tpg-tm_orig.png]
[pikakid98.github.io/weebly-archive/thepikakid98graveyard.weebly.com/the-minecraft.html]
[pikakid98.github.io/weebly-archive/thepikakid98graveyard.weebly.com/uploads/4/8/0/1/48016755/tpg-twmme_orig.png]
[pikakid98.github.io/weebly-archive/thepikakid98graveyard.weebly.com/the-windows-movie-maker-era.html]
[pikakid98.github.io/weebly-archive/thepikakid98graveyard.weebly.com/uploads/4/8/0/1/48016755/published/tpg-paa13361336.png]
[pikakid98.github.io/weebly-archive/thepikakid98graveyard.weebly.com/pika-and-alexy.html]
[pikakid98.github.io/weebly-archive/thepikakid98graveyard.weebly.com/uploads/4/8/0/1/48016755/tpg-3dsr_orig.jpg]
[pikakid98.github.io/weebly-archive/thepikakid98graveyard.weebly.com/uploads/4/8/0/1/48016755/capture_5_orig.png]
[pikakid98.github.io/weebly-archive/thepikakid98graveyard.weebly.com/3ds-recording.html]
[pikakid98.github.io/weebly-archive/thepikakid98graveyard.weebly.com/3ds-recording_cringecontent-565185.html]
[pikakid98.github.io/weebly-archive/thepikakid98graveyard.weebly.com/uploads/4/8/0/1/48016755/published/tpg-ifea0efa0ef.png]
[pikakid98.github.io/weebly-archive/thepikakid98graveyard.weebly.com/intros-for-everything.html]
[pikakid98.github.io/weebly-archive/thepikakid98graveyard.weebly.com/uploads/4/8/0/1/48016755/published/tpg-p9hatee7cde7cd.jpg]
[pikakid98.github.io/weebly-archive/thepikakid98graveyard.weebly.com/pikakid9hate-hate-reviews.html]
[pikakid98.github.io/weebly-archive/thepikakid98graveyard.weebly.com/uploads/4/8/0/1/48016755/tpg-p-shop_orig.png]
[pikakid98.github.io/weebly-archive/thepikakid98graveyard.weebly.com/pikakid98-shop.html]
[pikakid98.github.io/weebly-archive/thepikakid98graveyard.weebly.com/uploads/4/8/0/1/48016755/published/tpg-tbop61286128.jpg]
[pikakid98.github.io/weebly-archive/cdn2.editmysite.com/css/sites99a499a4.css]
[pikakid98.github.io/weebly-archive/cdn2.editmysite.com/js/site/main99a499a4.js]
[pikakid98.github.io/weebly-archive/cdn2.editmysite.com/js/lang/en/stl1b0e1b0e.js]
[pikakid98.github.io/weebly-archive/cdn2.editmysite.com/js/site/theme-plugins99a499a4.js]
[pikakid98.github.io/weebly-archive/thepikakid98graveyard.weebly.com/the-binding-of-pikakid98.html]
[pikakid98.github.io/weebly-archive/cdn2.editmysite.com/js/site/main-customer-accounts-site99a499a4.js]
[pikakid98.github.io/weebly-archive/thepikakid98graveyard.weebly.com/uploads/4/8/0/1/48016755/published/tpg-p-irl-chan0a590a59.png]
[pikakid98.github.io/weebly-archive/thepikakid98graveyard.weebly.com/jordan-irl-youtube-channel.html]
[pikakid98.github.io/weebly-archive/thepikakid98graveyard.weebly.com/uploads/4/8/0/1/48016755/tpg-pirlorig_orig.png]
[pikakid98.github.io/weebly-archive/thepikakid98graveyard.weebly.com/pikakid98-irl-website.html]
[pikakid98.github.io/weebly-archive/thepikakid98graveyard.weebly.com/uploads/4/8/0/1/48016755/tpg-pikabestbudpikachu_orig.png]
[pikakid98.github.io/weebly-archive/thepikakid98graveyard.weebly.com/pikakid98s-best-buddy-pikachu.html]
[pikakid98.github.io/weebly-archive/thepikakid98graveyard.weebly.com/uploads/4/8/0/1/48016755/attpf_orig.png]
[pikakid98.github.io/weebly-archive/cdn2.editmysite.com/css/sitese8d2e8d2.css]
[pikakid98.github.io/weebly-archive/cdn2.editmysite.com/js/lang/en/stl27682768.js]
[pikakid98.github.io/weebly-archive/cdn2.editmysite.com/js/site/maine8d2e8d2.js]
[pikakid98.github.io/weebly-archive/cdn2.editmysite.com/js/site/theme-pluginse8d2e8d2.js]
[pikakid98.github.io/weebly-archive/thepikakid98graveyard.weebly.com/a-tribute-to-pikakid98s-father.html]
[pikakid98.github.io/weebly-archive/thepikakid98graveyard.weebly.com/idea-graveyard_slow.html]
[pikakid98.github.io/weebly-archive/cdn2.editmysite.com/css/sites14a714a7.css]
[pikakid98.github.io/weebly-archive/cdn2.editmysite.com/css/sites4fc24fc2.css]
[pikakid98.github.io/weebly-archive/cdn2.editmysite.com/css/sites881d881d.css]
[pikakid98.github.io/weebly-archive/cdn2.editmysite.com/css/sites840f840f.css]
[pikakid98.github.io/weebly-archive/cdn2.editmysite.com/css/sites2fdb2fdb.css]
[pikakid98.github.io/weebly-archive/cdn2.editmysite.com/css/sitesbda3bda3.css]
[pikakid98.github.io/weebly-archive/cdn2.editmysite.com/css/sites627d627d.css]
[pikakid98.github.io/weebly-archive/cdn2.editmysite.com/css/sites429d429d.css]
[pikakid98.github.io/weebly-archive/cdn2.editmysite.com/css/sites0e540e54.css]
[pikakid98.github.io/weebly-archive/cdn2.editmysite.com/css/sites76827682.css]
[pikakid98.github.io/weebly-archive/cdn2.editmysite.com/css/sitesaa38aa38.css]
[pikakid98.github.io/weebly-archive/cdn2.editmysite.com/css/sites91439143.css]
[pikakid98.github.io/weebly-archive/cdn2.editmysite.com/js/site/main-customer-accounts-sitee8d2e8d2.js]
[pikakid98.github.io/weebly-archive/thepikakid98graveyard.weebly.com/uploads/4/8/0/1/48016755/published/tpg-c4s71f571f5.gif]
[pikakid98.github.io/weebly-archive/thepikakid98graveyard.weebly.com/pikakid98-compete4subs.html]
[pikakid98.github.io/weebly-archive/thepikakid98graveyard.weebly.com/_/uploads/4/8/0/1/48016755/background-images/796336474.html]
[pikakid98.github.io/weebly-archive/thepikakid98graveyard.weebly.com/pikakid98-lols_cringecontent/compete4subs-announcement-dead-idea.html]
[pikakid98.github.io/weebly-archive/thepikakid98graveyard.weebly.com/pikakid98-lols_cringecontent/stupid-stick-idiots-episode-1.html]
[pikakid98.github.io/weebly-archive/thepikakid98graveyard.weebly.com/pikakid98-lols_cringecontent/stupid-stick-idiots-pilot-episode.html]
[pikakid98.github.io/weebly-archive/thepikakid98graveyard.weebly.com/pikakid98-lols_cringecontent/pikakid98-chat-pikakid98-at-espa-college-ft-alex-brown.html]
[pikakid98.github.io/weebly-archive/thepikakid98graveyard.weebly.com/pikakid98-lols_cringecontent/pikakid98-lols-logo.html]
[pikakid98.github.io/weebly-archive/thepikakid98graveyard.weebly.com/files/theme/plugins.js]
[pikakid98.github.io/weebly-archive/thepikakid98graveyard.weebly.com/pikakid98-lols_cringecontent.html]
[pikakid98.github.io/weebly-archive/thepikakid98graveyard.weebly.com/files/theme/custom.js]
[pikakid98.github.io/weebly-archive/thepikakid98graveyard.weebly.com/_/uploads/4/8/0/1/48016755/background-images/2047292763.html]
[pikakid98.github.io/weebly-archive/thepikakid98graveyard.weebly.com/3ds-recording_cringecontent-565185/pokemon-x-and-y-episode-2-shiny-litleo.html]
[pikakid98.github.io/weebly-archive/thepikakid98graveyard.weebly.com/3ds-recording_cringecontent-565185/pokemon-x-and-y-episode-1-shiny-foongus.html]
[pikakid98.github.io/weebly-archive/thepikakid98graveyard.weebly.com/3ds-recording_cringecontent-565185/pokemon-x-and-y-episode-1-shiny-foongus-unofficial.html]
[pikakid98.github.io/weebly-archive/thepikakid98graveyard.weebly.com/3ds-recording_cringecontent-565185/100-legit-shiny-haxorus-help-guide.html]
[pikakid98.github.io/weebly-archive/thepikakid98graveyard.weebly.com/3ds-recording_cringecontent-565185.html]
[pikakid98.github.io/weebly-archive/cdn2.editmysite.com/css/sites99a499a4.css]
[pikakid98.github.io/weebly-archive/cdn2.editmysite.com/css/sitese8d2e8d2.css]
[pikakid98.github.io/weebly-archive/thepikakid98graveyard.weebly.com/_/uploads/4/8/0/1/48016755/background-images/796336474.html]
[pikakid98.github.io/weebly-archive/thepikakid98graveyard.weebly.com/3ds-recording_cringecontent-565185/the-legend-of-zelda-ocarina-of-time-3d-attacking-an-empty-spot.1f8.d]
[pikakid98.github.io/weebly-archive/thepikakid98graveyard.weebly.com/pikakid98-lols_cringecontent/_/uploads/4/8/0/1/48016755/background-images/796336474.html]
[pikakid98.github.io/weebly-archive/thepikakid98graveyard.weebly.com/pikakid98-lols_cringecontent/compete4subs-announcement-dead-idea.html]
[pikakid98.github.io/weebly-archive/thepikakid98graveyard.weebly.com/pikakid98-lols_cringecontent/stupid-stick-idiots-episode-1.html]
[pikakid98.github.io/weebly-archive/thepikakid98graveyard.weebly.com/pikakid98-lols_cringecontent/stupid-stick-idiots-pilot-episode.html]
[pikakid98.github.io/weebly-archive/thepikakid98graveyard.weebly.com/pikakid98-lols_cringecontent/pikakid98-chat-pikakid98-at-espa-college-ft-alex-brown.html]
[pikakid98.github.io/weebly-archive/thepikakid98graveyard.weebly.com/pikakid98-lols_cringecontent/pikakid98-lols-logo.html]
[pikakid98.github.io/weebly-archive/thepikakid98graveyard.weebly.com/_/uploads/4/8/0/1/48016755/background-images/2047292763.html]
[pikakid98.github.io/weebly-archive/thepikakid98graveyard.weebly.com/3ds-recording_cringecontent-565185/_/uploads/4/8/0/1/48016755/background-images/2047292763.html]
[pikakid98.github.io/weebly-archive/thepikakid98graveyard.weebly.com/3ds-recording_cringecontent-565185/pokemon-x-and-y-episode-2-shiny-litleo.html]
[pikakid98.github.io/weebly-archive/cdn2.editmysite.com/css/sitese3e8e3e8.css]
[pikakid98.github.io/weebly-archive/cdn2.editmysite.com/js/site/maine3e8e3e8.js]
[pikakid98.github.io/weebly-archive/cdn2.editmysite.com/js/lang/en/stlb3dbb3db.js]
[pikakid98.github.io/weebly-archive/cdn2.editmysite.com/js/site/theme-pluginse3e8e3e8.js]
[pikakid98.github.io/weebly-archive/thepikakid98graveyard.weebly.com/3ds-recording_cringecontent-565185/pokemon-x-and-y-episode-1-shiny-foongus.html]
[pikakid98.github.io/weebly-archive/thepikakid98graveyard.weebly.com/3ds-recording_cringecontent-565185/pokemon-x-and-y-episode-1-shiny-foongus-unofficial.html]
[pikakid98.github.io/weebly-archive/thepikakid98graveyard.weebly.com/3ds-recording_cringecontent-565185/the-legend-of-zelda-ocarina-of-time-3d-attacking-an-empty-spot.1f8.d]
[pikakid98.github.io/weebly-archive/thepikakid98graveyard.weebly.com/3ds-recording_cringecontent-565185/100-legit-shiny-haxorus-help-guide.html]
[pikakid98.github.io/weebly-archive/thepikakid98graveyard.weebly.com/pikakid98-lols_cringecontent/_/uploads/4/8/0/1/48016755/background-images/796336474.html]
[pikakid98.github.io/weebly-archive/thepikakid98graveyard.weebly.com/3ds-recording_cringecontent-565185/_/uploads/4/8/0/1/48016755/background-images/2047292763.html]
[pikakid98.github.io/weebly-archive/cdn2.editmysite.com/css/sitese3e8e3e8.css]
[pikakid98.github.io/weebly-archive/cdn2.editmysite.com/js/site/main-customer-accounts-sitee3e8e3e8.js]
